error: `#[interrupt]` handlers must have signature `[unsafe] fn([<name>: CriticalSection]) [-> !]`
  --> tests/ui/interrupt_bad_param.rs:11:1
   |
11 | fn TIM2(i: u32) -> ! {
   | ^^^^^^^^^^^^^^^^^^^^
